com\example\demo4\Model\Demande.class
com\example\demo4\LoginControleur$2.class
com\example\demo4\Controleur\OrganisationControleur.class
com\example\demo4\Model\Producteur.class
com\example\demo4\SinginControleur$2.class
com\example\demo4\Controleur\ZoneControleur.class
com\example\demo4\Model\Contrats.class
com\example\demo4\Controleur\OffreControleur.class
com\example\demo4\Model\Acheteur.class
com\example\demo4\Controleur\ContratControleur.class
com\example\demo4\Model\Produit.class
com\example\demo4\Controleur\OffreControleur$1.class
com\example\demo4\LoginControleur.class
com\example\demo4\Model\Zone.class
com\example\demo4\Controleur\ProducteurControleur.class
com\example\demo4\Model\PrixStatic.class
com\example\demo4\Model\StatistiqueAnnee.class
com\example\demo4\Controleur\ProduitControleur.class
com\example\demo4\Model\StatistiqueProduit.class
com\example\demo4\Controleur\DemandeControleur$1.class
com\example\demo4\Controleur\AcheteurControleur.class
com\example\demo4\Controleur\ProducteurControleur$1.class
com\example\demo4\DataBase.class
module-info.class
com\example\demo4\HelloApplication.class
com\example\demo4\Controleur\DemandeControleur.class
com\example\demo4\Model\Offre.class
com\example\demo4\SinginControleur.class
com\example\demo4\App.class
com\example\demo4\Model\Organisation.class
com\example\demo4\LoginControleur$1.class
com\example\demo4\Controleur\AcheteurControleur$1.class
com\example\demo4\Controleur\DashboardControleur.class
com\example\demo4\SinginControleur$1.class
com\example\demo4\Model\BarChartModel.class
com\example\demo4\Model\User.class
