C:\Users\Best\IdeaProjects\demo4\src\main\java\com\example\demo4\Model\Produit.java
C:\Users\Best\IdeaProjects\demo4\src\main\java\com\example\demo4\Controleur\DemandeControleur.java
C:\Users\Best\IdeaProjects\demo4\src\main\java\com\example\demo4\LoginControleur.java
C:\Users\Best\IdeaProjects\demo4\src\main\java\com\example\demo4\Model\Organisation.java
C:\Users\Best\IdeaProjects\demo4\src\main\java\com\example\demo4\App.java
C:\Users\Best\IdeaProjects\demo4\src\main\java\com\example\demo4\Model\Contrats.java
C:\Users\Best\IdeaProjects\demo4\src\main\java\com\example\demo4\Controleur\ProduitControleur.java
C:\Users\Best\IdeaProjects\demo4\src\main\java\com\example\demo4\Model\Offre.java
C:\Users\Best\IdeaProjects\demo4\src\main\java\com\example\demo4\Model\StatistiqueProduit.java
C:\Users\Best\IdeaProjects\demo4\src\main\java\com\example\demo4\Model\User.java
C:\Users\Best\IdeaProjects\demo4\src\main\java\com\example\demo4\Model\Zone.java
C:\Users\Best\IdeaProjects\demo4\src\main\java\com\example\demo4\SinginControleur.java
C:\Users\Best\IdeaProjects\demo4\src\main\java\com\example\demo4\DataBase.java
C:\Users\Best\IdeaProjects\demo4\src\main\java\com\example\demo4\Controleur\AcheteurControleur.java
C:\Users\Best\IdeaProjects\demo4\src\main\java\com\example\demo4\Controleur\OffreControleur.java
C:\Users\Best\IdeaProjects\demo4\src\main\java\com\example\demo4\Model\PrixStatic.java
C:\Users\Best\IdeaProjects\demo4\src\main\java\com\example\demo4\Model\Producteur.java
C:\Users\Best\IdeaProjects\demo4\src\main\java\module-info.java
C:\Users\Best\IdeaProjects\demo4\src\main\java\com\example\demo4\HelloApplication.java
C:\Users\Best\IdeaProjects\demo4\src\main\java\com\example\demo4\Controleur\OrganisationControleur.java
C:\Users\Best\IdeaProjects\demo4\src\main\java\com\example\demo4\Model\StatistiqueAnnee.java
C:\Users\Best\IdeaProjects\demo4\src\main\java\com\example\demo4\Controleur\ContratControleur.java
C:\Users\Best\IdeaProjects\demo4\src\main\java\com\example\demo4\Model\Demande.java
C:\Users\Best\IdeaProjects\demo4\src\main\java\com\example\demo4\Controleur\DashboardControleur.java
C:\Users\Best\IdeaProjects\demo4\src\main\java\com\example\demo4\Model\BarChartModel.java
C:\Users\Best\IdeaProjects\demo4\src\main\java\com\example\demo4\Controleur\ZoneControleur.java
C:\Users\Best\IdeaProjects\demo4\src\main\java\com\example\demo4\Model\Acheteur.java
C:\Users\Best\IdeaProjects\demo4\src\main\java\com\example\demo4\Controleur\ProducteurControleur.java
